Archive member included to satisfy reference by file (symbol)

.pio/build/uno/libFrameworkArduino.a(main.cpp.o)
                              /root/.platformio/packages/toolchain-atmelavr/bin/../lib/gcc/avr/7.3.0/../../../../avr/lib/avr5/crtatmega328p.o (main)
.pio/build/uno/libFrameworkArduino.a(wiring.c.o)
                              .pio/build/uno/src/main.cpp.o (symbol from plugin) (delay)
.pio/build/uno/libFrameworkArduino.a(wiring_analog.c.o)
                              .pio/build/uno/src/arduino/gpio.c.o (symbol from plugin) (analogRead)
.pio/build/uno/libFrameworkArduino.a(wiring_digital.c.o)
                              .pio/build/uno/src/arduino/gpio.c.o (symbol from plugin) (pinMode)
.pio/build/uno/libFrameworkArduino.a(hooks.c.o)
                              wiring.c.o (symbol from plugin) (yield)
/root/.platformio/packages/toolchain-atmelavr/bin/../lib/gcc/avr/7.3.0/avr5/libgcc.a(_exit.o)
                              /root/.platformio/packages/toolchain-atmelavr/bin/../lib/gcc/avr/7.3.0/../../../../avr/lib/avr5/crtatmega328p.o (exit)
/root/.platformio/packages/toolchain-atmelavr/bin/../lib/gcc/avr/7.3.0/../../../../avr/lib/avr5/libc.a(setjmp.o)
                              .pio/build/uno/src/sched.c.o (symbol from plugin) (setjmp)
/root/.platformio/packages/toolchain-atmelavr/bin/../lib/gcc/avr/7.3.0/../../../../avr/lib/avr5/libc.a(memcpy_P.o)
                              .pio/build/uno/src/basecmd.c.o (symbol from plugin) (memcpy_P)
/root/.platformio/packages/toolchain-atmelavr/bin/../lib/gcc/avr/7.3.0/avr5/libgcc.a(_mulsi3.o)
                              /tmp/cc4vrueA.ltrans0.ltrans.o (__mulsi3)
/root/.platformio/packages/toolchain-atmelavr/bin/../lib/gcc/avr/7.3.0/avr5/libgcc.a(_copy_data.o)
                              /tmp/cc4vrueA.ltrans0.ltrans.o (__do_copy_data)
/root/.platformio/packages/toolchain-atmelavr/bin/../lib/gcc/avr/7.3.0/avr5/libgcc.a(_clear_bss.o)
                              /tmp/cc4vrueA.ltrans0.ltrans.o (__do_clear_bss)
/root/.platformio/packages/toolchain-atmelavr/bin/../lib/gcc/avr/7.3.0/avr5/libgcc.a(_muluhisi3.o)
                              /root/.platformio/packages/toolchain-atmelavr/bin/../lib/gcc/avr/7.3.0/avr5/libgcc.a(_mulsi3.o) (__muluhisi3)
/root/.platformio/packages/toolchain-atmelavr/bin/../lib/gcc/avr/7.3.0/avr5/libgcc.a(_umulhisi3.o)
                              /root/.platformio/packages/toolchain-atmelavr/bin/../lib/gcc/avr/7.3.0/avr5/libgcc.a(_muluhisi3.o) (__umulhisi3)
/root/.platformio/packages/toolchain-atmelavr/bin/../lib/gcc/avr/7.3.0/../../../../avr/lib/avr5/libc.a(memchr.o)
                              /tmp/cc4vrueA.ltrans0.ltrans.o (memchr)
/root/.platformio/packages/toolchain-atmelavr/bin/../lib/gcc/avr/7.3.0/../../../../avr/lib/avr5/libc.a(memcpy.o)
                              /tmp/cc4vrueA.ltrans0.ltrans.o (memcpy)
/root/.platformio/packages/toolchain-atmelavr/bin/../lib/gcc/avr/7.3.0/../../../../avr/lib/avr5/libc.a(memmove.o)
                              /tmp/cc4vrueA.ltrans0.ltrans.o (memmove)
/root/.platformio/packages/toolchain-atmelavr/bin/../lib/gcc/avr/7.3.0/../../../../avr/lib/avr5/libc.a(memset.o)
                              /tmp/cc4vrueA.ltrans0.ltrans.o (memset)

Discarded input sections

 .data          0x0000000000000000        0x0 /root/.platformio/packages/toolchain-atmelavr/bin/../lib/gcc/avr/7.3.0/../../../../avr/lib/avr5/crtatmega328p.o
 .bss           0x0000000000000000        0x0 /root/.platformio/packages/toolchain-atmelavr/bin/../lib/gcc/avr/7.3.0/../../../../avr/lib/avr5/crtatmega328p.o
 .text          0x0000000000000000        0x0 .pio/build/uno/src/arduino/gpio.c.o (symbol from plugin)
 .compile_time_request
                0x0000000000000000      0xe76 /tmp/cc4vrueA.ltrans0.ltrans.o
 .text          0x0000000000000000        0x0 .pio/build/uno/src/arduino/irq.c.o (symbol from plugin)
 .text          0x0000000000000000        0x0 .pio/build/uno/src/arduino/serial.cpp.o (symbol from plugin)
 .text          0x0000000000000000        0x0 .pio/build/uno/src/arduino/timer.c.o (symbol from plugin)
 .text          0x0000000000000000        0x0 .pio/build/uno/src/basecmd.c.o (symbol from plugin)
 .text          0x0000000000000000        0x0 .pio/build/uno/src/buttons.c.o (symbol from plugin)
 .text          0x0000000000000000        0x0 .pio/build/uno/src/command.c.o (symbol from plugin)
 .text          0x0000000000000000        0x0 .pio/build/uno/src/compile_time_request.c.o (symbol from plugin)
 .text          0x0000000000000000        0x0 .pio/build/uno/src/ctr_run.c.o (symbol from plugin)
 .text          0x0000000000000000        0x0 .pio/build/uno/src/debugcmds.c.o (symbol from plugin)
 .text          0x0000000000000000        0x0 .pio/build/uno/src/generic/alloc.c.o (symbol from plugin)
 .text          0x0000000000000000        0x0 .pio/build/uno/src/generic/crc16_ccitt.c.o (symbol from plugin)
 .text          0x0000000000000000        0x0 .pio/build/uno/src/generic/serial_irq.c.o (symbol from plugin)
 .text          0x0000000000000000        0x0 .pio/build/uno/src/generic/timer_irq.c.o (symbol from plugin)
 .text          0x0000000000000000        0x0 .pio/build/uno/src/gpiocmds.c.o (symbol from plugin)
 .text          0x0000000000000000        0x0 .pio/build/uno/src/main.cpp.o (symbol from plugin)
 .text          0x0000000000000000        0x0 .pio/build/uno/src/registrations.c.o (symbol from plugin)
 .text          0x0000000000000000        0x0 .pio/build/uno/src/sched.c.o (symbol from plugin)
 .text          0x0000000000000000        0x0 .pio/build/uno/src/stepper.c.o (symbol from plugin)
 .text          0x0000000000000000        0x0 main.cpp.o (symbol from plugin)
 .text          0x0000000000000000        0x0 wiring.c.o (symbol from plugin)
 .text          0x0000000000000000        0x0 wiring_analog.c.o (symbol from plugin)
 .text          0x0000000000000000        0x0 wiring_digital.c.o (symbol from plugin)
 .text          0x0000000000000000        0x0 hooks.c.o (symbol from plugin)
 .text          0x0000000000000000        0x0 /root/.platformio/packages/toolchain-atmelavr/bin/../lib/gcc/avr/7.3.0/avr5/libgcc.a(_exit.o)
 .data          0x0000000000000000        0x0 /root/.platformio/packages/toolchain-atmelavr/bin/../lib/gcc/avr/7.3.0/avr5/libgcc.a(_exit.o)
 .bss           0x0000000000000000        0x0 /root/.platformio/packages/toolchain-atmelavr/bin/../lib/gcc/avr/7.3.0/avr5/libgcc.a(_exit.o)
 .text.libgcc.mul
                0x0000000000000000        0x0 /root/.platformio/packages/toolchain-atmelavr/bin/../lib/gcc/avr/7.3.0/avr5/libgcc.a(_exit.o)
 .text.libgcc.div
                0x0000000000000000        0x0 /root/.platformio/packages/toolchain-atmelavr/bin/../lib/gcc/avr/7.3.0/avr5/libgcc.a(_exit.o)
 .text.libgcc   0x0000000000000000        0x0 /root/.platformio/packages/toolchain-atmelavr/bin/../lib/gcc/avr/7.3.0/avr5/libgcc.a(_exit.o)
 .text.libgcc.prologue
                0x0000000000000000        0x0 /root/.platformio/packages/toolchain-atmelavr/bin/../lib/gcc/avr/7.3.0/avr5/libgcc.a(_exit.o)
 .text.libgcc.builtins
                0x0000000000000000        0x0 /root/.platformio/packages/toolchain-atmelavr/bin/../lib/gcc/avr/7.3.0/avr5/libgcc.a(_exit.o)
 .text.libgcc.fmul
                0x0000000000000000        0x0 /root/.platformio/packages/toolchain-atmelavr/bin/../lib/gcc/avr/7.3.0/avr5/libgcc.a(_exit.o)
 .text.libgcc.fixed
                0x0000000000000000        0x0 /root/.platformio/packages/toolchain-atmelavr/bin/../lib/gcc/avr/7.3.0/avr5/libgcc.a(_exit.o)
 .text          0x0000000000000000        0x0 /root/.platformio/packages/toolchain-atmelavr/bin/../lib/gcc/avr/7.3.0/../../../../avr/lib/avr5/libc.a(setjmp.o)
 .data          0x0000000000000000        0x0 /root/.platformio/packages/toolchain-atmelavr/bin/../lib/gcc/avr/7.3.0/../../../../avr/lib/avr5/libc.a(setjmp.o)
 .bss           0x0000000000000000        0x0 /root/.platformio/packages/toolchain-atmelavr/bin/../lib/gcc/avr/7.3.0/../../../../avr/lib/avr5/libc.a(setjmp.o)
 .text          0x0000000000000000        0x0 /root/.platformio/packages/toolchain-atmelavr/bin/../lib/gcc/avr/7.3.0/../../../../avr/lib/avr5/libc.a(memcpy_P.o)
 .data          0x0000000000000000        0x0 /root/.platformio/packages/toolchain-atmelavr/bin/../lib/gcc/avr/7.3.0/../../../../avr/lib/avr5/libc.a(memcpy_P.o)
 .bss           0x0000000000000000        0x0 /root/.platformio/packages/toolchain-atmelavr/bin/../lib/gcc/avr/7.3.0/../../../../avr/lib/avr5/libc.a(memcpy_P.o)
 .text          0x0000000000000000        0x0 /root/.platformio/packages/toolchain-atmelavr/bin/../lib/gcc/avr/7.3.0/avr5/libgcc.a(_mulsi3.o)
 .data          0x0000000000000000        0x0 /root/.platformio/packages/toolchain-atmelavr/bin/../lib/gcc/avr/7.3.0/avr5/libgcc.a(_mulsi3.o)
 .bss           0x0000000000000000        0x0 /root/.platformio/packages/toolchain-atmelavr/bin/../lib/gcc/avr/7.3.0/avr5/libgcc.a(_mulsi3.o)
 .text.libgcc.div
                0x0000000000000000        0x0 /root/.platformio/packages/toolchain-atmelavr/bin/../lib/gcc/avr/7.3.0/avr5/libgcc.a(_mulsi3.o)
 .text.libgcc   0x0000000000000000        0x0 /root/.platformio/packages/toolchain-atmelavr/bin/../lib/gcc/avr/7.3.0/avr5/libgcc.a(_mulsi3.o)
 .text.libgcc.prologue
                0x0000000000000000        0x0 /root/.platformio/packages/toolchain-atmelavr/bin/../lib/gcc/avr/7.3.0/avr5/libgcc.a(_mulsi3.o)
 .text.libgcc.builtins
                0x0000000000000000        0x0 /root/.platformio/packages/toolchain-atmelavr/bin/../lib/gcc/avr/7.3.0/avr5/libgcc.a(_mulsi3.o)
 .text.libgcc.fmul
                0x0000000000000000        0x0 /root/.platformio/packages/toolchain-atmelavr/bin/../lib/gcc/avr/7.3.0/avr5/libgcc.a(_mulsi3.o)
 .text.libgcc.fixed
                0x0000000000000000        0x0 /root/.platformio/packages/toolchain-atmelavr/bin/../lib/gcc/avr/7.3.0/avr5/libgcc.a(_mulsi3.o)
 .text          0x0000000000000000        0x0 /root/.platformio/packages/toolchain-atmelavr/bin/../lib/gcc/avr/7.3.0/avr5/libgcc.a(_copy_data.o)
 .data          0x0000000000000000        0x0 /root/.platformio/packages/toolchain-atmelavr/bin/../lib/gcc/avr/7.3.0/avr5/libgcc.a(_copy_data.o)
 .bss           0x0000000000000000        0x0 /root/.platformio/packages/toolchain-atmelavr/bin/../lib/gcc/avr/7.3.0/avr5/libgcc.a(_copy_data.o)
 .text.libgcc.mul
                0x0000000000000000        0x0 /root/.platformio/packages/toolchain-atmelavr/bin/../lib/gcc/avr/7.3.0/avr5/libgcc.a(_copy_data.o)
 .text.libgcc.div
                0x0000000000000000        0x0 /root/.platformio/packages/toolchain-atmelavr/bin/../lib/gcc/avr/7.3.0/avr5/libgcc.a(_copy_data.o)
 .text.libgcc   0x0000000000000000        0x0 /root/.platformio/packages/toolchain-atmelavr/bin/../lib/gcc/avr/7.3.0/avr5/libgcc.a(_copy_data.o)
 .text.libgcc.prologue
                0x0000000000000000        0x0 /root/.platformio/packages/toolchain-atmelavr/bin/../lib/gcc/avr/7.3.0/avr5/libgcc.a(_copy_data.o)
 .text.libgcc.builtins
                0x0000000000000000        0x0 /root/.platformio/packages/toolchain-atmelavr/bin/../lib/gcc/avr/7.3.0/avr5/libgcc.a(_copy_data.o)
 .text.libgcc.fmul
                0x0000000000000000        0x0 /root/.platformio/packages/toolchain-atmelavr/bin/../lib/gcc/avr/7.3.0/avr5/libgcc.a(_copy_data.o)
 .text.libgcc.fixed
                0x0000000000000000        0x0 /root/.platformio/packages/toolchain-atmelavr/bin/../lib/gcc/avr/7.3.0/avr5/libgcc.a(_copy_data.o)
 .text          0x0000000000000000        0x0 /root/.platformio/packages/toolchain-atmelavr/bin/../lib/gcc/avr/7.3.0/avr5/libgcc.a(_clear_bss.o)
 .data          0x0000000000000000        0x0 /root/.platformio/packages/toolchain-atmelavr/bin/../lib/gcc/avr/7.3.0/avr5/libgcc.a(_clear_bss.o)
 .bss           0x0000000000000000        0x0 /root/.platformio/packages/toolchain-atmelavr/bin/../lib/gcc/avr/7.3.0/avr5/libgcc.a(_clear_bss.o)
 .text.libgcc.mul
                0x0000000000000000        0x0 /root/.platformio/packages/toolchain-atmelavr/bin/../lib/gcc/avr/7.3.0/avr5/libgcc.a(_clear_bss.o)
 .text.libgcc.div
                0x0000000000000000        0x0 /root/.platformio/packages/toolchain-atmelavr/bin/../lib/gcc/avr/7.3.0/avr5/libgcc.a(_clear_bss.o)
 .text.libgcc   0x0000000000000000        0x0 /root/.platformio/packages/toolchain-atmelavr/bin/../lib/gcc/avr/7.3.0/avr5/libgcc.a(_clear_bss.o)
 .text.libgcc.prologue
                0x0000000000000000        0x0 /root/.platformio/packages/toolchain-atmelavr/bin/../lib/gcc/avr/7.3.0/avr5/libgcc.a(_clear_bss.o)
 .text.libgcc.builtins
                0x0000000000000000        0x0 /root/.platformio/packages/toolchain-atmelavr/bin/../lib/gcc/avr/7.3.0/avr5/libgcc.a(_clear_bss.o)
 .text.libgcc.fmul
                0x0000000000000000        0x0 /root/.platformio/packages/toolchain-atmelavr/bin/../lib/gcc/avr/7.3.0/avr5/libgcc.a(_clear_bss.o)
 .text.libgcc.fixed
                0x0000000000000000        0x0 /root/.platformio/packages/toolchain-atmelavr/bin/../lib/gcc/avr/7.3.0/avr5/libgcc.a(_clear_bss.o)
 .text          0x0000000000000000        0x0 /root/.platformio/packages/toolchain-atmelavr/bin/../lib/gcc/avr/7.3.0/avr5/libgcc.a(_muluhisi3.o)
 .data          0x0000000000000000        0x0 /root/.platformio/packages/toolchain-atmelavr/bin/../lib/gcc/avr/7.3.0/avr5/libgcc.a(_muluhisi3.o)
 .bss           0x0000000000000000        0x0 /root/.platformio/packages/toolchain-atmelavr/bin/../lib/gcc/avr/7.3.0/avr5/libgcc.a(_muluhisi3.o)
 .text.libgcc.div
                0x0000000000000000        0x0 /root/.platformio/packages/toolchain-atmelavr/bin/../lib/gcc/avr/7.3.0/avr5/libgcc.a(_muluhisi3.o)
 .text.libgcc   0x0000000000000000        0x0 /root/.platformio/packages/toolchain-atmelavr/bin/../lib/gcc/avr/7.3.0/avr5/libgcc.a(_muluhisi3.o)
 .text.libgcc.prologue
                0x0000000000000000        0x0 /root/.platformio/packages/toolchain-atmelavr/bin/../lib/gcc/avr/7.3.0/avr5/libgcc.a(_muluhisi3.o)
 .text.libgcc.builtins
                0x0000000000000000        0x0 /root/.platformio/packages/toolchain-atmelavr/bin/../lib/gcc/avr/7.3.0/avr5/libgcc.a(_muluhisi3.o)
 .text.libgcc.fmul
                0x0000000000000000        0x0 /root/.platformio/packages/toolchain-atmelavr/bin/../lib/gcc/avr/7.3.0/avr5/libgcc.a(_muluhisi3.o)
 .text.libgcc.fixed
                0x0000000000000000        0x0 /root/.platformio/packages/toolchain-atmelavr/bin/../lib/gcc/avr/7.3.0/avr5/libgcc.a(_muluhisi3.o)
 .text          0x0000000000000000        0x0 /root/.platformio/packages/toolchain-atmelavr/bin/../lib/gcc/avr/7.3.0/avr5/libgcc.a(_umulhisi3.o)
 .data          0x0000000000000000        0x0 /root/.platformio/packages/toolchain-atmelavr/bin/../lib/gcc/avr/7.3.0/avr5/libgcc.a(_umulhisi3.o)
 .bss           0x0000000000000000        0x0 /root/.platformio/packages/toolchain-atmelavr/bin/../lib/gcc/avr/7.3.0/avr5/libgcc.a(_umulhisi3.o)
 .text.libgcc.div
                0x0000000000000000        0x0 /root/.platformio/packages/toolchain-atmelavr/bin/../lib/gcc/avr/7.3.0/avr5/libgcc.a(_umulhisi3.o)
 .text.libgcc   0x0000000000000000        0x0 /root/.platformio/packages/toolchain-atmelavr/bin/../lib/gcc/avr/7.3.0/avr5/libgcc.a(_umulhisi3.o)
 .text.libgcc.prologue
                0x0000000000000000        0x0 /root/.platformio/packages/toolchain-atmelavr/bin/../lib/gcc/avr/7.3.0/avr5/libgcc.a(_umulhisi3.o)
 .text.libgcc.builtins
                0x0000000000000000        0x0 /root/.platformio/packages/toolchain-atmelavr/bin/../lib/gcc/avr/7.3.0/avr5/libgcc.a(_umulhisi3.o)
 .text.libgcc.fmul
                0x0000000000000000        0x0 /root/.platformio/packages/toolchain-atmelavr/bin/../lib/gcc/avr/7.3.0/avr5/libgcc.a(_umulhisi3.o)
 .text.libgcc.fixed
                0x0000000000000000        0x0 /root/.platformio/packages/toolchain-atmelavr/bin/../lib/gcc/avr/7.3.0/avr5/libgcc.a(_umulhisi3.o)
 .text          0x0000000000000000        0x0 /root/.platformio/packages/toolchain-atmelavr/bin/../lib/gcc/avr/7.3.0/../../../../avr/lib/avr5/libc.a(memchr.o)
 .data          0x0000000000000000        0x0 /root/.platformio/packages/toolchain-atmelavr/bin/../lib/gcc/avr/7.3.0/../../../../avr/lib/avr5/libc.a(memchr.o)
 .bss           0x0000000000000000        0x0 /root/.platformio/packages/toolchain-atmelavr/bin/../lib/gcc/avr/7.3.0/../../../../avr/lib/avr5/libc.a(memchr.o)
 .text          0x0000000000000000        0x0 /root/.platformio/packages/toolchain-atmelavr/bin/../lib/gcc/avr/7.3.0/../../../../avr/lib/avr5/libc.a(memcpy.o)
 .data          0x0000000000000000        0x0 /root/.platformio/packages/toolchain-atmelavr/bin/../lib/gcc/avr/7.3.0/../../../../avr/lib/avr5/libc.a(memcpy.o)
 .bss           0x0000000000000000        0x0 /root/.platformio/packages/toolchain-atmelavr/bin/../lib/gcc/avr/7.3.0/../../../../avr/lib/avr5/libc.a(memcpy.o)
 .text          0x0000000000000000        0x0 /root/.platformio/packages/toolchain-atmelavr/bin/../lib/gcc/avr/7.3.0/../../../../avr/lib/avr5/libc.a(memmove.o)
 .data          0x0000000000000000        0x0 /root/.platformio/packages/toolchain-atmelavr/bin/../lib/gcc/avr/7.3.0/../../../../avr/lib/avr5/libc.a(memmove.o)
 .bss           0x0000000000000000        0x0 /root/.platformio/packages/toolchain-atmelavr/bin/../lib/gcc/avr/7.3.0/../../../../avr/lib/avr5/libc.a(memmove.o)
 .text          0x0000000000000000        0x0 /root/.platformio/packages/toolchain-atmelavr/bin/../lib/gcc/avr/7.3.0/../../../../avr/lib/avr5/libc.a(memset.o)
 .data          0x0000000000000000        0x0 /root/.platformio/packages/toolchain-atmelavr/bin/../lib/gcc/avr/7.3.0/../../../../avr/lib/avr5/libc.a(memset.o)
 .bss           0x0000000000000000        0x0 /root/.platformio/packages/toolchain-atmelavr/bin/../lib/gcc/avr/7.3.0/../../../../avr/lib/avr5/libc.a(memset.o)

Memory Configuration

Name             Origin             Length             Attributes
text             0x0000000000000000 0x0000000000020000 xr
data             0x0000000000800060 0x000000000000ffa0 rw !x
eeprom           0x0000000000810000 0x0000000000010000 rw !x
fuse             0x0000000000820000 0x0000000000000003 rw !x
lock             0x0000000000830000 0x0000000000000400 rw !x
signature        0x0000000000840000 0x0000000000000400 rw !x
user_signatures  0x0000000000850000 0x0000000000000400 rw !x
*default*        0x0000000000000000 0xffffffffffffffff

Linker script and memory map

Address of section .data set to 0x800100
LOAD /root/.platformio/packages/toolchain-atmelavr/bin/../lib/gcc/avr/7.3.0/../../../../avr/lib/avr5/crtatmega328p.o
LOAD .pio/build/uno/src/arduino/gpio.c.o
LOAD /tmp/cc4vrueA.ltrans0.ltrans.o
LOAD .pio/build/uno/src/arduino/irq.c.o
LOAD .pio/build/uno/src/arduino/serial.cpp.o
LOAD .pio/build/uno/src/arduino/timer.c.o
LOAD .pio/build/uno/src/basecmd.c.o
LOAD .pio/build/uno/src/buttons.c.o
LOAD .pio/build/uno/src/command.c.o
LOAD .pio/build/uno/src/compile_time_request.c.o
LOAD .pio/build/uno/src/ctr_run.c.o
LOAD .pio/build/uno/src/debugcmds.c.o
LOAD .pio/build/uno/src/generic/alloc.c.o
LOAD .pio/build/uno/src/generic/crc16_ccitt.c.o
LOAD .pio/build/uno/src/generic/serial_irq.c.o
LOAD .pio/build/uno/src/generic/timer_irq.c.o
LOAD .pio/build/uno/src/gpiocmds.c.o
LOAD .pio/build/uno/src/main.cpp.o
LOAD .pio/build/uno/src/registrations.c.o
LOAD .pio/build/uno/src/sched.c.o
LOAD .pio/build/uno/src/stepper.c.o
START GROUP
LOAD .pio/build/uno/libFrameworkArduinoVariant.a
LOAD .pio/build/uno/libFrameworkArduino.a
END GROUP
LOAD /root/.platformio/packages/toolchain-atmelavr/bin/../lib/gcc/avr/7.3.0/avr5/libgcc.a
LOAD /root/.platformio/packages/toolchain-atmelavr/bin/../lib/gcc/avr/7.3.0/../../../../avr/lib/avr5/libm.a
START GROUP
LOAD /root/.platformio/packages/toolchain-atmelavr/bin/../lib/gcc/avr/7.3.0/avr5/libgcc.a
LOAD /root/.platformio/packages/toolchain-atmelavr/bin/../lib/gcc/avr/7.3.0/../../../../avr/lib/avr5/libm.a
LOAD /root/.platformio/packages/toolchain-atmelavr/bin/../lib/gcc/avr/7.3.0/../../../../avr/lib/avr5/libc.a
LOAD /root/.platformio/packages/toolchain-atmelavr/bin/../lib/gcc/avr/7.3.0/../../../../avr/lib/avr5/libatmega328p.a
END GROUP
                0x0000000000020000                __TEXT_REGION_LENGTH__ = DEFINED (__TEXT_REGION_LENGTH__)?__TEXT_REGION_LENGTH__:0x20000
                0x000000000000ffa0                __DATA_REGION_LENGTH__ = DEFINED (__DATA_REGION_LENGTH__)?__DATA_REGION_LENGTH__:0xffa0
                0x0000000000010000                __EEPROM_REGION_LENGTH__ = DEFINED (__EEPROM_REGION_LENGTH__)?__EEPROM_REGION_LENGTH__:0x10000
                [0x0000000000000003]                __FUSE_REGION_LENGTH__ = DEFINED (__FUSE_REGION_LENGTH__)?__FUSE_REGION_LENGTH__:0x400
                0x0000000000000400                __LOCK_REGION_LENGTH__ = DEFINED (__LOCK_REGION_LENGTH__)?__LOCK_REGION_LENGTH__:0x400
                0x0000000000000400                __SIGNATURE_REGION_LENGTH__ = DEFINED (__SIGNATURE_REGION_LENGTH__)?__SIGNATURE_REGION_LENGTH__:0x400
                0x0000000000000400                __USER_SIGNATURE_REGION_LENGTH__ = DEFINED (__USER_SIGNATURE_REGION_LENGTH__)?__USER_SIGNATURE_REGION_LENGTH__:0x400

.hash
 *(.hash)

.dynsym
 *(.dynsym)

.dynstr
 *(.dynstr)

.gnu.version
 *(.gnu.version)

.gnu.version_d
 *(.gnu.version_d)

.gnu.version_r
 *(.gnu.version_r)

.rel.init
 *(.rel.init)

.rela.init
 *(.rela.init)

.rel.text
 *(.rel.text)
 *(.rel.text.*)
 *(.rel.gnu.linkonce.t*)

.rela.text
 *(.rela.text)
 *(.rela.text.*)
 *(.rela.gnu.linkonce.t*)

.rel.fini
 *(.rel.fini)

.rela.fini
 *(.rela.fini)

.rel.rodata
 *(.rel.rodata)
 *(.rel.rodata.*)
 *(.rel.gnu.linkonce.r*)

.rela.rodata
 *(.rela.rodata)
 *(.rela.rodata.*)
 *(.rela.gnu.linkonce.r*)

.rel.data
 *(.rel.data)
 *(.rel.data.*)
 *(.rel.gnu.linkonce.d*)

.rela.data
 *(.rela.data)
 *(.rela.data.*)
 *(.rela.gnu.linkonce.d*)

.rel.ctors
 *(.rel.ctors)

.rela.ctors
 *(.rela.ctors)

.rel.dtors
 *(.rel.dtors)

.rela.dtors
 *(.rela.dtors)

.rel.got
 *(.rel.got)

.rela.got
 *(.rela.got)

.rel.bss
 *(.rel.bss)

.rela.bss
 *(.rela.bss)

.rel.plt
 *(.rel.plt)

.rela.plt
 *(.rela.plt)

.text           0x0000000000000000     0x2aca
 *(.vectors)
 .vectors       0x0000000000000000       0x68 /root/.platformio/packages/toolchain-atmelavr/bin/../lib/gcc/avr/7.3.0/../../../../avr/lib/avr5/crtatmega328p.o
                0x0000000000000000                __vectors
                0x0000000000000000                __vector_default
 *(.vectors)
 *(.progmem.gcc*)
                0x0000000000000068                . = ALIGN (0x2)
                0x0000000000000068                __trampolines_start = .
 *(.trampolines)
 .trampolines   0x0000000000000068        0x0 linker stubs
 *(.trampolines*)
                0x0000000000000068                __trampolines_end = .
 *libprintf_flt.a:*(.progmem.data)
 *libc.a:*(.progmem.data)
 *(.progmem*)
 .progmem.data  0x0000000000000068      0x561 /tmp/cc4vrueA.ltrans0.ltrans.o
                0x00000000000005ca                . = ALIGN (0x2)
 *fill*         0x00000000000005c9        0x1 
 *(.jumptables)
 *(.jumptables*)
 *(.lowtext)
 *(.lowtext*)
                0x00000000000005ca                __ctors_start = .
 *(.ctors)
                0x00000000000005ca                __ctors_end = .
                0x00000000000005ca                __dtors_start = .
 *(.dtors)
                0x00000000000005ca                __dtors_end = .
 SORT(*)(.ctors)
 SORT(*)(.dtors)
 *(.init0)
 .init0         0x00000000000005ca        0x0 /root/.platformio/packages/toolchain-atmelavr/bin/../lib/gcc/avr/7.3.0/../../../../avr/lib/avr5/crtatmega328p.o
                0x00000000000005ca                __init
 *(.init0)
 *(.init1)
 *(.init1)
 *(.init2)
 .init2         0x00000000000005ca        0xc /root/.platformio/packages/toolchain-atmelavr/bin/../lib/gcc/avr/7.3.0/../../../../avr/lib/avr5/crtatmega328p.o
 *(.init2)
 *(.init3)
 *(.init3)
 *(.init4)
 .init4         0x00000000000005d6       0x16 /root/.platformio/packages/toolchain-atmelavr/bin/../lib/gcc/avr/7.3.0/avr5/libgcc.a(_copy_data.o)
                0x00000000000005d6                __do_copy_data
 .init4         0x00000000000005ec       0x10 /root/.platformio/packages/toolchain-atmelavr/bin/../lib/gcc/avr/7.3.0/avr5/libgcc.a(_clear_bss.o)
                0x00000000000005ec                __do_clear_bss
 *(.init4)
 *(.init5)
 *(.init5)
 *(.init6)
 *(.init6)
 *(.init7)
 *(.init7)
 *(.init8)
 *(.init8)
 *(.init9)
 .init9         0x00000000000005fc        0x8 /root/.platformio/packages/toolchain-atmelavr/bin/../lib/gcc/avr/7.3.0/../../../../avr/lib/avr5/crtatmega328p.o
 *(.init9)
 *(.text)
 .text          0x0000000000000604        0x4 /root/.platformio/packages/toolchain-atmelavr/bin/../lib/gcc/avr/7.3.0/../../../../avr/lib/avr5/crtatmega328p.o
                0x0000000000000604                __vector_22
                0x0000000000000604                __vector_1
                0x0000000000000604                __vector_24
                0x0000000000000604                __vector_12
                0x0000000000000604                __bad_interrupt
                0x0000000000000604                __vector_6
                0x0000000000000604                __vector_3
                0x0000000000000604                __vector_23
                0x0000000000000604                __vector_25
                0x0000000000000604                __vector_17
                0x0000000000000604                __vector_7
                0x0000000000000604                __vector_5
                0x0000000000000604                __vector_4
                0x0000000000000604                __vector_9
                0x0000000000000604                __vector_2
                0x0000000000000604                __vector_21
                0x0000000000000604                __vector_15
                0x0000000000000604                __vector_8
                0x0000000000000604                __vector_14
                0x0000000000000604                __vector_10
                0x0000000000000604                __vector_20
 .text          0x0000000000000608     0x22fe /tmp/cc4vrueA.ltrans0.ltrans.o
                0x0000000000002776                __vector_16
                0x000000000000280a                __vector_11
                0x0000000000002828                __vector_13
                0x0000000000002872                __vector_19
                0x00000000000028be                __vector_18
                0x0000000000002906                . = ALIGN (0x2)
 *(.text.*)
 .text.startup  0x0000000000002906       0x7a /tmp/cc4vrueA.ltrans0.ltrans.o
                0x0000000000002906                main
 .text.avr-libc
                0x0000000000002980       0x82 /root/.platformio/packages/toolchain-atmelavr/bin/../lib/gcc/avr/7.3.0/../../../../avr/lib/avr5/libc.a(setjmp.o)
                0x0000000000002980                setjmp
                0x00000000000029c0                longjmp
 .text.avr-libc
                0x0000000000002a02       0x12 /root/.platformio/packages/toolchain-atmelavr/bin/../lib/gcc/avr/7.3.0/../../../../avr/lib/avr5/libc.a(memcpy_P.o)
                0x0000000000002a02                memcpy_P
 .text.libgcc.mul
                0x0000000000002a14       0x20 /root/.platformio/packages/toolchain-atmelavr/bin/../lib/gcc/avr/7.3.0/avr5/libgcc.a(_mulsi3.o)
                0x0000000000002a14                __mulsi3
 .text.libgcc.mul
                0x0000000000002a34       0x16 /root/.platformio/packages/toolchain-atmelavr/bin/../lib/gcc/avr/7.3.0/avr5/libgcc.a(_muluhisi3.o)
                0x0000000000002a34                __muluhisi3
 .text.libgcc.mul
                0x0000000000002a4a       0x1e /root/.platformio/packages/toolchain-atmelavr/bin/../lib/gcc/avr/7.3.0/avr5/libgcc.a(_umulhisi3.o)
                0x0000000000002a4a                __umulhisi3
 .text.avr-libc
                0x0000000000002a68       0x1a /root/.platformio/packages/toolchain-atmelavr/bin/../lib/gcc/avr/7.3.0/../../../../avr/lib/avr5/libc.a(memchr.o)
                0x0000000000002a68                memchr
 .text.avr-libc
                0x0000000000002a82       0x12 /root/.platformio/packages/toolchain-atmelavr/bin/../lib/gcc/avr/7.3.0/../../../../avr/lib/avr5/libc.a(memcpy.o)
                0x0000000000002a82                memcpy
 .text.avr-libc
                0x0000000000002a94       0x24 /root/.platformio/packages/toolchain-atmelavr/bin/../lib/gcc/avr/7.3.0/../../../../avr/lib/avr5/libc.a(memmove.o)
                0x0000000000002a94                memmove
 .text.avr-libc
                0x0000000000002ab8        0xe /root/.platformio/packages/toolchain-atmelavr/bin/../lib/gcc/avr/7.3.0/../../../../avr/lib/avr5/libc.a(memset.o)
                0x0000000000002ab8                memset
                0x0000000000002ac6                . = ALIGN (0x2)
 *(.fini9)
 .fini9         0x0000000000002ac6        0x0 /root/.platformio/packages/toolchain-atmelavr/bin/../lib/gcc/avr/7.3.0/avr5/libgcc.a(_exit.o)
                0x0000000000002ac6                exit
                0x0000000000002ac6                _exit
 *(.fini9)
 *(.fini8)
 *(.fini8)
 *(.fini7)
 *(.fini7)
 *(.fini6)
 *(.fini6)
 *(.fini5)
 *(.fini5)
 *(.fini4)
 *(.fini4)
 *(.fini3)
 *(.fini3)
 *(.fini2)
 *(.fini2)
 *(.fini1)
 *(.fini1)
 *(.fini0)
 .fini0         0x0000000000002ac6        0x4 /root/.platformio/packages/toolchain-atmelavr/bin/../lib/gcc/avr/7.3.0/avr5/libgcc.a(_exit.o)
 *(.fini0)
                0x0000000000002aca                _etext = .

.data           0x0000000000800100      0x166 load address 0x0000000000002aca
                0x0000000000800100                PROVIDE (__data_start, .)
 *(.data)
 .data          0x0000000000800100       0x21 /tmp/cc4vrueA.ltrans0.ltrans.o
 *(.data*)
 *(.gnu.linkonce.d*)
 *(.rodata)
 *(.rodata*)
 .rodata.str1.1
                0x0000000000800121      0x144 /tmp/cc4vrueA.ltrans0.ltrans.o
 *(.gnu.linkonce.r*)
                0x0000000000800266                . = ALIGN (0x2)
 *fill*         0x0000000000800265        0x1 
                0x0000000000800266                _edata = .
                0x0000000000800266                PROVIDE (__data_end, .)

.bss            0x0000000000800266      0x322
                0x0000000000800266                PROVIDE (__bss_start, .)
 *(.bss)
 .bss           0x0000000000800266      0x322 /tmp/cc4vrueA.ltrans0.ltrans.o
 *(.bss*)
 *(COMMON)
                0x0000000000800588                PROVIDE (__bss_end, .)
                0x0000000000002aca                __data_load_start = LOADADDR (.data)
                0x0000000000002c30                __data_load_end = (__data_load_start + SIZEOF (.data))

.noinit         0x0000000000800588        0x0
                [!provide]                        PROVIDE (__noinit_start, .)
 *(.noinit*)
                [!provide]                        PROVIDE (__noinit_end, .)
                0x0000000000800588                _end = .
                [!provide]                        PROVIDE (__heap_start, .)

.eeprom         0x0000000000810000        0x0
 *(.eeprom*)
                0x0000000000810000                __eeprom_end = .

.fuse
 *(.fuse)
 *(.lfuse)
 *(.hfuse)
 *(.efuse)

.lock
 *(.lock*)

.signature
 *(.signature*)

.user_signatures
 *(.user_signatures*)

.stab
 *(.stab)

.stabstr
 *(.stabstr)

.stab.excl
 *(.stab.excl)

.stab.exclstr
 *(.stab.exclstr)

.stab.index
 *(.stab.index)

.stab.indexstr
 *(.stab.indexstr)

.comment        0x0000000000000000       0x11
 *(.comment)
 .comment       0x0000000000000000       0x11 /tmp/cc4vrueA.ltrans0.ltrans.o
                                         0x12 (size before relaxing)

.note.gnu.avr.deviceinfo
                0x0000000000000000       0x40
 .note.gnu.avr.deviceinfo
                0x0000000000000000       0x40 /root/.platformio/packages/toolchain-atmelavr/bin/../lib/gcc/avr/7.3.0/../../../../avr/lib/avr5/crtatmega328p.o

.note.gnu.build-id
 *(.note.gnu.build-id)

.debug
 *(.debug)

.line
 *(.line)

.debug_srcinfo
 *(.debug_srcinfo)

.debug_sfnames
 *(.debug_sfnames)

.debug_aranges  0x0000000000000000       0xc0
 *(.debug_aranges)
 .debug_aranges
                0x0000000000000000       0x20 /root/.platformio/packages/toolchain-atmelavr/bin/../lib/gcc/avr/7.3.0/avr5/libgcc.a(_exit.o)
 .debug_aranges
                0x0000000000000020       0x20 /root/.platformio/packages/toolchain-atmelavr/bin/../lib/gcc/avr/7.3.0/avr5/libgcc.a(_mulsi3.o)
 .debug_aranges
                0x0000000000000040       0x20 /root/.platformio/packages/toolchain-atmelavr/bin/../lib/gcc/avr/7.3.0/avr5/libgcc.a(_copy_data.o)
 .debug_aranges
                0x0000000000000060       0x20 /root/.platformio/packages/toolchain-atmelavr/bin/../lib/gcc/avr/7.3.0/avr5/libgcc.a(_clear_bss.o)
 .debug_aranges
                0x0000000000000080       0x20 /root/.platformio/packages/toolchain-atmelavr/bin/../lib/gcc/avr/7.3.0/avr5/libgcc.a(_muluhisi3.o)
 .debug_aranges
                0x00000000000000a0       0x20 /root/.platformio/packages/toolchain-atmelavr/bin/../lib/gcc/avr/7.3.0/avr5/libgcc.a(_umulhisi3.o)

.debug_pubnames
 *(.debug_pubnames)

.debug_info     0x0000000000000000      0xa4a
 *(.debug_info .gnu.linkonce.wi.*)
 .debug_info    0x0000000000000000      0x5f4 /root/.platformio/packages/toolchain-atmelavr/bin/../lib/gcc/avr/7.3.0/../../../../avr/lib/avr5/crtatmega328p.o
 .debug_info    0x00000000000005f4       0xb9 /root/.platformio/packages/toolchain-atmelavr/bin/../lib/gcc/avr/7.3.0/avr5/libgcc.a(_exit.o)
 .debug_info    0x00000000000006ad       0xb9 /root/.platformio/packages/toolchain-atmelavr/bin/../lib/gcc/avr/7.3.0/avr5/libgcc.a(_mulsi3.o)
 .debug_info    0x0000000000000766       0xb9 /root/.platformio/packages/toolchain-atmelavr/bin/../lib/gcc/avr/7.3.0/avr5/libgcc.a(_copy_data.o)
 .debug_info    0x000000000000081f       0xb9 /root/.platformio/packages/toolchain-atmelavr/bin/../lib/gcc/avr/7.3.0/avr5/libgcc.a(_clear_bss.o)
 .debug_info    0x00000000000008d8       0xb9 /root/.platformio/packages/toolchain-atmelavr/bin/../lib/gcc/avr/7.3.0/avr5/libgcc.a(_muluhisi3.o)
 .debug_info    0x0000000000000991       0xb9 /root/.platformio/packages/toolchain-atmelavr/bin/../lib/gcc/avr/7.3.0/avr5/libgcc.a(_umulhisi3.o)

.debug_abbrev   0x0000000000000000      0x61a
 *(.debug_abbrev)
 .debug_abbrev  0x0000000000000000      0x5a2 /root/.platformio/packages/toolchain-atmelavr/bin/../lib/gcc/avr/7.3.0/../../../../avr/lib/avr5/crtatmega328p.o
 .debug_abbrev  0x00000000000005a2       0x14 /root/.platformio/packages/toolchain-atmelavr/bin/../lib/gcc/avr/7.3.0/avr5/libgcc.a(_exit.o)
 .debug_abbrev  0x00000000000005b6       0x14 /root/.platformio/packages/toolchain-atmelavr/bin/../lib/gcc/avr/7.3.0/avr5/libgcc.a(_mulsi3.o)
 .debug_abbrev  0x00000000000005ca       0x14 /root/.platformio/packages/toolchain-atmelavr/bin/../lib/gcc/avr/7.3.0/avr5/libgcc.a(_copy_data.o)
 .debug_abbrev  0x00000000000005de       0x14 /root/.platformio/packages/toolchain-atmelavr/bin/../lib/gcc/avr/7.3.0/avr5/libgcc.a(_clear_bss.o)
 .debug_abbrev  0x00000000000005f2       0x14 /root/.platformio/packages/toolchain-atmelavr/bin/../lib/gcc/avr/7.3.0/avr5/libgcc.a(_muluhisi3.o)
 .debug_abbrev  0x0000000000000606       0x14 /root/.platformio/packages/toolchain-atmelavr/bin/../lib/gcc/avr/7.3.0/avr5/libgcc.a(_umulhisi3.o)

.debug_line     0x0000000000000000      0x38c
 *(.debug_line .debug_line.* .debug_line_end)
 .debug_line    0x0000000000000000       0x1a /root/.platformio/packages/toolchain-atmelavr/bin/../lib/gcc/avr/7.3.0/../../../../avr/lib/avr5/crtatmega328p.o
 .debug_line    0x000000000000001a       0x62 /root/.platformio/packages/toolchain-atmelavr/bin/../lib/gcc/avr/7.3.0/avr5/libgcc.a(_exit.o)
 .debug_line    0x000000000000007c       0xb0 /root/.platformio/packages/toolchain-atmelavr/bin/../lib/gcc/avr/7.3.0/avr5/libgcc.a(_mulsi3.o)
 .debug_line    0x000000000000012c       0x98 /root/.platformio/packages/toolchain-atmelavr/bin/../lib/gcc/avr/7.3.0/avr5/libgcc.a(_copy_data.o)
 .debug_line    0x00000000000001c4       0x86 /root/.platformio/packages/toolchain-atmelavr/bin/../lib/gcc/avr/7.3.0/avr5/libgcc.a(_clear_bss.o)
 .debug_line    0x000000000000024a       0x92 /root/.platformio/packages/toolchain-atmelavr/bin/../lib/gcc/avr/7.3.0/avr5/libgcc.a(_muluhisi3.o)
 .debug_line    0x00000000000002dc       0xb0 /root/.platformio/packages/toolchain-atmelavr/bin/../lib/gcc/avr/7.3.0/avr5/libgcc.a(_umulhisi3.o)

.debug_frame
 *(.debug_frame)

.debug_str      0x0000000000000000      0x208
 *(.debug_str)
 .debug_str     0x0000000000000000      0x208 /root/.platformio/packages/toolchain-atmelavr/bin/../lib/gcc/avr/7.3.0/../../../../avr/lib/avr5/crtatmega328p.o

.debug_loc
 *(.debug_loc)

.debug_macinfo
 *(.debug_macinfo)

.debug_weaknames
 *(.debug_weaknames)

.debug_funcnames
 *(.debug_funcnames)

.debug_typenames
 *(.debug_typenames)

.debug_varnames
 *(.debug_varnames)

.debug_pubtypes
 *(.debug_pubtypes)

.debug_ranges
 *(.debug_ranges)

.debug_macro
 *(.debug_macro)
OUTPUT(.pio/build/uno/firmware.elf elf32-avr)
LOAD linker stubs
