# CONFIG_LOW_LEVEL_OPTIONS is not set
CONFIG_MACH_AVR=y
# CONFIG_MACH_ATSAM is not set
# CONFIG_MACH_ATSAMD is not set
# CONFIG_MACH_LPC176X is not set
# CONFIG_MACH_STM32 is not set
# CONFIG_MACH_HC32F460 is not set
# CONFIG_MACH_RPXXXX is not set
# CONFIG_MACH_PRU is not set
# CONFIG_MACH_AR100 is not set
# CONFIG_MACH_LINUX is not set
# CONFIG_MACH_SIMU is not set
CONFIG_AVR_SELECT=y
CONFIG_BOARD_DIRECTORY="avr"
CONFIG_MACH_atmega328p=y
# CONFIG_MACH_atmega1280 is not set
# CONFIG_MACH_at90usb1286 is not set
# CONFIG_MACH_at90usb646 is not set
# CONFIG_MACH_atmega32u4 is not set
# CONFIG_MACH_atmega1284p is not set
# CONFIG_MACH_atmega644p is not set
# CONFIG_MACH_atmega328p is not set
# CONFIG_MACH_atmega328 is not set
# CONFIG_MACH_atmega168 is not set
CONFIG_MCU="atmega328p"
CONFIG_AVRDUDE_PROTOCOL="arduino"
CONFIG_CLOCK_FREQ=16000000
CONFIG_AVR_CLKPR=-1
CONFIG_AVR_STACK_SIZE=256
CONFIG_AVR_WATCHDOG=y
CONFIG_SERIAL=y
CONFIG_SERIAL_BAUD_U2X=y
CONFIG_SERIAL_PORT=0
CONFIG_SERIAL_BAUD=115200
CONFIG_USB_VENDOR_ID=0x1d50
CONFIG_USB_DEVICE_ID=0x614e
CONFIG_USB_SERIAL_NUMBER="12345"
CONFIG_USB_MANUFACTURER="Klipper"
CONFIG_CAN_UUID_CUSTOM="abc1234"
CONFIG_WANT_ADC=y
# CONFIG_WANT_SPI is not set
# CONFIG_WANT_SOFTWARE_SPI is not set
# CONFIG_WANT_I2C is not set
# CONFIG_WANT_SOFTWARE_I2C is not set
CONFIG_WANT_HARD_PWM=y
# CONFIG_WANT_BUTTONS is not set
# CONFIG_WANT_TMCUART is not set
# CONFIG_WANT_NEOPIXEL is not set
# CONFIG_WANT_PULSE_COUNTER is not set
# CONFIG_WANT_ST7920 is not set
# CONFIG_WANT_HD44780 is not set
# CONFIG_WANT_ADXL345 is not set
# CONFIG_WANT_LIS2DW is not set
# CONFIG_WANT_MPU9250 is not set
# CONFIG_WANT_ICM20948 is not set
# CONFIG_WANT_THERMOCOUPLE is not set
# CONFIG_WANT_HX71X is not set
# CONFIG_WANT_ADS1220 is not set
# CONFIG_WANT_ADS131MX is not set
# CONFIG_WANT_LDC1612 is not set
# CONFIG_WANT_SENSOR_ANGLE is not set
# CONFIG_WANT_GPIO_SPI is not set
CONFIG_WANT_GPIO_ADC=y
CONFIG_WANT_GPIO_I2C=y
# CONFIG_NEED_SENSOR_BULK is not set
# CONFIG_NEED_LOAD_CELL_PROBE is not set
# CONFIG_NEED_SOS_FILTER is not set
CONFIG_WANT_OPTIMIZE_SIZE=y

#
# Feature Configuration
#

#
# Microcontroller interfaces
#
# CONFIG_WANT_GPIO_BUTTONS is not set

#
# ----
#

#
# LCD chips
#

#
# Accelerometer chips
#

#
# External ADC type chips
#

#
# Compiler options
#
# end of Feature Configuration

CONFIG_CANBUS_FREQUENCY=1000000
CONFIG_INLINE_STEPPER_HACK=y
CONFIG_HAVE_GPIO=y
CONFIG_HAVE_GPIO_ADC=y
CONFIG_HAVE_GPIO_SPI=y
CONFIG_HAVE_GPIO_I2C=y
CONFIG_HAVE_GPIO_HARD_PWM=y
CONFIG_HAVE_STRICT_TIMING=y
